// Jest Snapshot v1, https://goo.gl/fbAQLP

exports[`<Pagination/> render the Pagination without data 1`] = `ShallowWrapper {}`;
