// Jest Snapshot v1, https://goo.gl/fbAQLP

exports[`<TicketSummary/> render TicketSummary without data 1`] = `ShallowWrapper {}`;
